// Jest Snapshot v1, https://goo.gl/fbAQLP

exports[`LinkTo render should render a link 1`] = `
<a
  href="originpathname?search=&id=foo--bar"
  onClick={[Function]}
/>
`;
